// Jest Snapshot v1, https://goo.gl/fbAQLP

exports[`Header should match snapshot 1`] = `
.emotion-0 {
  box-sizing: border-box;
  margin: 0;
  min-width: 0;
  width: 100%;
  max-width: container;
  margin-left: auto;
  margin-right: auto;
  max-width: 120ch;
  margin-left: auto;
  margin-right: auto;
  padding-top: 16px;
  padding-bottom: 16px;
  padding-left: 32px;
  padding-right: 32px;
}

.emotion-1 {
  box-sizing: border-box;
  margin: 0;
  min-width: 0;
  display: -webkit-box;
  display: -webkit-flex;
  display: -ms-flexbox;
  display: flex;
}

.emotion-2 {
  box-sizing: border-box;
  margin: 0;
  min-width: 0;
  color: inherit;
  -webkit-text-decoration: none;
  text-decoration: none;
  font-weight: 800;
  display: inline-block;
  padding: 8px;
}

.emotion-2:hover,
.emotion-2:focus,
.emotion-2.active {
  color: var(--theme-ui-colors-primary);
}

<div>
  <header
    class="emotion-0"
  >
    <nav
      class="emotion-1"
    >
      <a
        class="emotion-2"
        href="/"
      >
        Home
      </a>
      <a
        class="emotion-2"
        href="/style"
      >
        Style Guide
      </a>
    </nav>
  </header>
</div>
`;
